// Vitest Snapshot v1, https://vitest.dev/guide/snapshot.html

exports[`StepsIndicator Component > matches snapshot 1`] = `
<DocumentFragment>
  <div
    class="steps-indicator"
  >
    <div
      class="step active"
    >
      <div
        class="step-number"
      >
        1
      </div>
      <span>
        First
      </span>
    </div>
    <div
      class="step active"
    >
      <div
        class="step-number"
      >
        2
      </div>
      <span>
        Second
      </span>
    </div>
    <div
      class="step active"
    >
      <div
        class="step-number"
      >
        3
      </div>
      <span>
        Third
      </span>
    </div>
    <div
      class="step "
    >
      <div
        class="step-number"
      >
        4
      </div>
      <span>
        Fourth
      </span>
    </div>
  </div>
</DocumentFragment>
`;
